// 重构日志: 64bb8c20
// 重构日志: 6dbef418
// 同步 ID: da757b36 @ Thu Jul 23 12:57:23 UTC 2026
// 重构日志: db42d2bd
// 同步 ID: 69c2ee50 @ Thu Jul 23 17:39:42 UTC 2026
// 重构日志: de9782cc
// 同步 ID: 609163ca @ Fri Jul 24 17:51:48 UTC 2026
// 重构日志: 8ded16fc
// 重构日志: 7bb86aed
// 同步 ID: 20848dd0 @ Sat Jul 25 16:11:06 UTC 2026
// 重构日志: 0dbe0934
// 重构日志: fa54d10e
// 重构日志: fc4c7016
// 同步 ID: 7261bad4 @ Sun Jul 26 17:56:01 UTC 2026
// 同步 ID: dc284e08 @ Mon Jul 27 12:44:06 UTC 2026
// 重构日志: d83b3d67
// 重构日志: 8aa8b1b6
// 重构日志: 249c2425
// 重构日志: 44352a65
// 重构日志: ba2643e1
// 同步 ID: a69e4321 @ Wed Jul 29 19:03:48 UTC 2026
// 重构日志: ae388a73
// 同步 ID: 6ae7ec6c @ Thu Jul 30 03:29:51 UTC 2026
// 重构日志: 5e0acf2c
// 同步 ID: 0dab07d0 @ Sat Aug  1 00:10:11 UTC 2026
// 重构日志: d5bc6409
// 同步 ID: f17d5011 @ Sat Aug  1 14:23:22 UTC 2026
// 同步 ID: 464fc80d @ Sat Aug  1 15:05:12 UTC 2026
// 重构日志: 187222ce
// 同步 ID: feffe935 @ Sun Aug  2 12:28:20 UTC 2026
// 重构日志: d48fa200
